# Case import-module-executor-module-update: Step 0

## Changed Files


## Asset Files
- Bundle: bundle.js

## Manifest


## Update